17:32:24 | INFO: Data are loaded, start creating Blender stuff
17:32:24 | INFO: Blender create Mesh node Cube.002
17:32:24 | INFO: Blender create Mesh node Cube.047
17:32:24 | INFO: Blender create Mesh node Cube.049
17:32:24 | INFO: Blender create Mesh node Cube.046
17:32:24 | INFO: glTF import finished in 0.21s
scaling mesh 1.660 m -> 1.664 m (x1.0024)
INFO Draco is available, use library at C:\Program Files\Blender Foundation\Blender 5.2\5.2\scripts\addons_core\io_scene_gltf2\bf_intern_draco_bridge.dll
INFO MeshOptimizer is available, use library at C:\Program Files\Blender Foundation\Blender 5.2\5.2\scripts\addons_core\io_scene_gltf2\bf_intern_meshopt_bridge.dll
17:32:25 | INFO: Starting glTF 2.0 export
17:32:25 | INFO: Extracting primitive: BulwarkBody
17:32:25 | INFO: Primitives created: 3
17:32:25 | WARNING: There are more than 4 joint vertex influences.The 4 with highest weight will be used (and normalized).
17:32:27 | INFO: Finished glTF 2.0 export in 2.129080057144165 s

============================================================
OUT       Assets\custom\bulwark\bulwark.gltf
tris      4999
bones     62
clips     24 : Death,Gun_Shoot,HitRecieve,HitRecieve_2,Idle,Idle_Gun,Idle_Gun_Pointing,Idle_Gun_Shoot,Idle_Neutral,Idle_Sword,Interact,Kick_Left,Kick_Right,Punch_Left,Punch_Right,Roll,Run,Run_Back,Run_Left,Run_Right,Run_Shoot,Sword_Slash,Walk,Wave
unweighted vertices 0 (must be 0 — any non-zero means a limb will not move)
============================================================
Blender 5.2.1 LTS (hash 9e2066aef7ef built 2026-08-25 02:38:20)
OBJ import of 'bulwark.obj' took 9.75 ms

Blender quit
